I'm sorry, but errors were detected in your script. Please correct the
errors listed below, and try again.


File "game/screens.rpy", line 1598: the action keyword argument was not given a value.
    action return
           ^

Ren'Py Version: Ren'Py 8.1.3.23091805
Thu Dec  7 00:19:29 2023
